[19:16:13] [ServerMain/INFO]: [bootstrap] Running Java 21 (OpenJDK 64-Bit Server VM 21.0.9+10-Ubuntu-122.04; Ubuntu null) on Linux 6.17.4-76061704-generic (amd64)
[19:16:13] [ServerMain/INFO]: [bootstrap] Loading Paper 1.21.11-38-main@4446f17 (2025-12-09T22:51:57Z) for Minecraft 1.21.11
[19:16:13] [ServerMain/INFO]: [PluginInitializerManager] Initializing plugins...
[19:16:13] [ServerMain/INFO]: [PluginInitializerManager] Initialized 4 plugins
[19:16:13] [ServerMain/INFO]: [PluginInitializerManager] Bukkit plugins (4):
 - AutoMessage (2.0.0), RaspberryJuice (1.12.1), WorldEdit (7.3.17+7262-c7fbe08), WorldGuard (7.0.14+2339-43997ec)
[19:16:16] [ServerMain/INFO]: Environment: Environment[sessionHost=https://sessionserver.mojang.com, servicesHost=https://api.minecraftservices.com, profilesHost=https://api.mojang.com, name=PROD]
[19:16:17] [ServerMain/INFO]: Loaded 1470 recipes
[19:16:17] [ServerMain/INFO]: Loaded 1584 advancements
[19:16:17] [ServerMain/INFO]: [ca.spottedleaf.dataconverter.minecraft.datatypes.MCTypeRegistry] Initialising converters for DataConverter...
[19:16:17] [ServerMain/INFO]: [ca.spottedleaf.dataconverter.minecraft.datatypes.MCTypeRegistry] Finished initialising converters for DataConverter in 193.7ms
[19:16:17] [Server thread/INFO]: Starting minecraft server version 1.21.11
[19:16:17] [Server thread/INFO]: Loading properties
[19:16:17] [Server thread/INFO]: This server is running Paper version 1.21.11-38-main@4446f17 (2025-12-09T22:51:57Z) (Implementing API version 1.21.11-R0.1-SNAPSHOT)
[19:16:17] [Server thread/INFO]: [spark] This server bundles the spark profiler. For more information please visit https://docs.papermc.io/paper/profiling
[19:16:17] [Server thread/INFO]: Server Ping Player Sample Count: 12
[19:16:17] [Server thread/INFO]: Using 4 threads for Netty based IO
[19:16:17] [Server thread/INFO]: [MoonriseCommon] Paper is using 5 worker threads, 1 I/O threads
[19:16:17] [Server thread/INFO]: Default game type: CREATIVE
[19:16:17] [Server thread/INFO]: Generating keypair
[19:16:17] [Server thread/INFO]: Starting Minecraft server on *:25565
[19:16:17] [Server thread/INFO]: Paper: Using libdeflate (Linux x86_64) compression from Velocity.
[19:16:17] [Server thread/INFO]: Paper: Using OpenSSL 3.x.x (Linux x86_64) cipher from Velocity.
[19:16:17] [Server thread/WARN]: [org.bukkit.craftbukkit.legacy.CraftLegacy] Initializing Legacy Material Support. Unless you have legacy plugins and/or data this is a bug!
[19:16:23] [Server thread/WARN]: Legacy plugin RaspberryJuice v1.12.1 does not specify an api-version.
[19:16:23] [Server thread/INFO]: [WorldEdit] Loading server plugin WorldEdit v7.3.17+7262-c7fbe08
[19:16:23] [Server thread/INFO]: Got request to register class com.sk89q.worldedit.bukkit.BukkitServerInterface with WorldEdit [com.sk89q.worldedit.extension.platform.PlatformManager@298f44d5]
[19:16:23] [Server thread/INFO]: [AutoMessage] Loading server plugin AutoMessage v2.0.0
[19:16:23] [Server thread/INFO]: [WorldGuard] Loading server plugin WorldGuard v7.0.14+2339-43997ec
[19:16:23] [Server thread/INFO]: [RaspberryJuice] Loading server plugin RaspberryJuice v1.12.1
[19:16:23] [Server thread/INFO]: Server permissions file permissions.yml is empty, ignoring it
[19:16:23] [Server thread/INFO]: [WorldEdit] Enabling WorldEdit v7.3.17+7262-c7fbe08
[19:16:23] [Server thread/INFO]: Registering commands with com.sk89q.worldedit.bukkit.BukkitServerInterface
[19:16:23] [Server thread/INFO]: WEPIF: Using the Bukkit Permissions API.
[19:16:23] [Server thread/WARN]: 
**********************************************
** This WorldEdit version does not fully support your version of Bukkit.
**
** When working with blocks or undoing, chests will be empty, signs
** will be blank, and so on. There will be no support for entity
** and block property-related functions.
**
** Please see https://worldedit.enginehub.org/en/latest/faq/#bukkit-adapters
**********************************************

[19:16:24] [Server thread/INFO]: Preparing level "isu_world"
[19:16:24] [Server thread/INFO]: Loading 0 persistent chunks for world 'minecraft:overworld'...
[19:16:24] [Server thread/INFO]: Preparing spawn area: 100%
[19:16:24] [Server thread/INFO]: Prepared spawn area in 1 ms
[19:16:24] [Server thread/INFO]: Loading 0 persistent chunks for world 'minecraft:the_nether'...
[19:16:24] [Server thread/INFO]: Preparing spawn area: 100%
[19:16:24] [Server thread/INFO]: Prepared spawn area in 1 ms
[19:16:24] [Server thread/INFO]: Loading 0 persistent chunks for world 'minecraft:the_end'...
[19:16:24] [Server thread/INFO]: Prepared spawn area in 0 ms
[19:16:24] [Server thread/INFO]: Done preparing level "isu_world" (0.321s)
[19:16:24] [Server thread/INFO]: [AutoMessage] Enabling AutoMessage v2.0.0
[19:16:24] [Server thread/INFO]: [AutoMessage] AutoMessage plugin enabled.
[19:16:24] [Server thread/INFO]: [WorldGuard] Enabling WorldGuard v7.0.14+2339-43997ec
[19:16:25] [Server thread/INFO]: [WorldGuard] (isu_world) TNT ignition is PERMITTED.
[19:16:25] [Server thread/INFO]: [WorldGuard] (isu_world) Lighters are PERMITTED.
[19:16:25] [Server thread/INFO]: [WorldGuard] (isu_world) Lava fire is PERMITTED.
[19:16:25] [Server thread/INFO]: [WorldGuard] (isu_world) Fire spread is UNRESTRICTED.
[19:16:25] [Server thread/INFO]: [WorldGuard] Loaded configuration for world 'isu_world'
[19:16:25] [Server thread/INFO]: [WorldGuard] (isu_world_nether) TNT ignition is PERMITTED.
[19:16:25] [Server thread/INFO]: [WorldGuard] (isu_world_nether) Lighters are PERMITTED.
[19:16:25] [Server thread/INFO]: [WorldGuard] (isu_world_nether) Lava fire is PERMITTED.
[19:16:25] [Server thread/INFO]: [WorldGuard] (isu_world_nether) Fire spread is UNRESTRICTED.
[19:16:25] [Server thread/INFO]: [WorldGuard] Loaded configuration for world 'isu_world_nether'
[19:16:25] [Server thread/INFO]: [WorldGuard] (isu_world_the_end) TNT ignition is PERMITTED.
[19:16:25] [Server thread/INFO]: [WorldGuard] (isu_world_the_end) Lighters are PERMITTED.
[19:16:25] [Server thread/INFO]: [WorldGuard] (isu_world_the_end) Lava fire is PERMITTED.
[19:16:25] [Server thread/INFO]: [WorldGuard] (isu_world_the_end) Fire spread is UNRESTRICTED.
[19:16:25] [Server thread/INFO]: [WorldGuard] Loaded configuration for world 'isu_world_the_end'
[19:16:25] [Server thread/INFO]: [WorldGuard] Loading region data...
[19:16:25] [Server thread/INFO]: [RaspberryJuice] Enabling RaspberryJuice v1.12.1*
[19:16:25] [Server thread/INFO]: [RaspberryJuice] Using host:port - 0.0.0.0:4711
[19:16:25] [Server thread/INFO]: [RaspberryJuice] Using RELATIVE locations
[19:16:25] [Server thread/INFO]: [RaspberryJuice] Using RIGHT clicks for hits
[19:16:25] [Server thread/INFO]: [RaspberryJuice] ThreadListener Started
[19:16:25] [Server thread/INFO]: [spark] Starting background profiler...
[19:16:25] [Server thread/INFO]: Running delayed init tasks
[19:16:25] [Server thread/INFO]: Done (12.756s)! For help, type "help"
[19:16:25] [User Authenticator #0/INFO]: UUID of player coolshooter123 is 19995fd4-c323-4599-be07-1072e1df73eb
[19:16:25] [Server thread/INFO]: [HorriblePlayerLoginEventHack] You have plugins listening to the PlayerLoginEvent, this will cause re-configuration APIs to be unavailable: [WorldGuard]
[19:16:26] [Server thread/INFO]: Welcome coolshooter123
[19:16:26] [Server thread/INFO]: coolshooter123 joined the game
[19:16:26] [Server thread/INFO]: coolshooter123[/127.0.0.1:32972] logged in with entity id 1 at ([isu_world]145.9184009032222, 79.36813569728037, -393.4139301990012)
[19:29:24] [Thread-16/INFO]: [RaspberryJuice] Starting input thread
[19:29:24] [Thread-11/INFO]: [RaspberryJuice] Opened connection to/127.0.0.1:50816.
[19:29:24] [Thread-17/INFO]: [RaspberryJuice] Starting output thread!
[19:29:24] [Server thread/INFO]: Hello Minecraft World
[19:29:24] [Server thread/INFO]: Constructing Castle, Syllabus & Fixed Treehouse...
[19:29:24] [Server thread/INFO]: Building Walls...
[19:29:24] [Server thread/INFO]: Filling Moat...
[19:29:24] [Server thread/INFO]: Growing One Treehouse & Small Forest...
[19:32:08] [Server thread/INFO]: Building Large Treehouse Deck...
[19:35:17] [Server thread/INFO]: Placing Syllabus Signs...
[19:35:17] [Server thread/INFO]: Construction Complete!
[19:35:17] [Server thread/INFO]: [RaspberryJuice] Closed connection to/127.0.0.1:50816.
[19:41:03] [Server thread/INFO]: coolshooter123 issued server command: /fill ~ ~-1 ~1 ~ ~-1 ~20 stone keep
[19:41:03] [Server thread/INFO]: [coolshooter123: Successfully filled 14 block(s)]
[19:41:24] [Server thread/INFO]: coolshooter123 issued server command: /fill ~ ~-1 ~1 ~ ~-1 ~20 water keep
[19:41:24] [Server thread/INFO]: [coolshooter123: Successfully filled 12 block(s)]
[19:41:35] [Server thread/INFO]: coolshooter123 issued server command: /fill ~ ~-1 ~1 ~ ~-1 ~20 water keep
[19:41:35] [Server thread/INFO]: [coolshooter123: Successfully filled 14 block(s)]
[19:42:24] [Server thread/INFO]: coolshooter123 issued server command: /fill ~ ~ ~1 ~ ~-1 ~20 cobblestone keep
[19:42:24] [Server thread/INFO]: [coolshooter123: Successfully filled 14 block(s)]
[19:42:36] [Server thread/INFO]: coolshooter123 issued server command: /fill ~ ~ ~1 ~ ~-1 ~24 cobblestone keep
[19:42:36] [Server thread/INFO]: [coolshooter123: Successfully filled 6 block(s)]
[19:42:46] [Server thread/INFO]: coolshooter123 issued server command: /fill ~ ~ ~1 ~ ~-1 ~30 cobblestone keep
[19:42:46] [Server thread/INFO]: [coolshooter123: Successfully filled 6 block(s)]
[19:42:55] [Server thread/INFO]: coolshooter123 issued server command: /fill ~ ~ ~1 ~ ~-1 ~30 cobblestone destroy
[19:42:55] [Server thread/INFO]: [coolshooter123: Successfully filled 60 block(s)]
[19:43:08] [Server thread/INFO]: coolshooter123 issued server command: /fill ~ ~ ~1 ~ ~-1 ~30 cobblestone destroy
[19:43:08] [Server thread/INFO]: [coolshooter123: Successfully filled 60 block(s)]
[19:43:10] [Server thread/INFO]: coolshooter123 issued server command: /fill ~ ~ ~1 ~ ~-1 ~30 cobblestone destroy
[19:43:10] [Server thread/INFO]: [coolshooter123: Successfully filled 60 block(s)]
[19:43:22] [Server thread/INFO]: coolshooter123 issued server command: /fill ~ ~ ~1 ~ ~ ~30 cobblestone destroy
[19:43:22] [Server thread/INFO]: [coolshooter123: Successfully filled 30 block(s)]
[19:43:28] [Server thread/INFO]: coolshooter123 issued server command: /fill ~ ~ ~1 ~ ~1 ~30 cobblestone destroy
[19:43:28] [Server thread/INFO]: [coolshooter123: Successfully filled 60 block(s)]
[19:43:38] [Server thread/INFO]: coolshooter123 issued server command: /fill ~ ~ ~1 ~ ~1 ~30 cobblestone destroy
[19:43:38] [Server thread/INFO]: [coolshooter123: Successfully filled 60 block(s)]
[20:21:56] [Server thread/INFO]: coolshooter123 issued server command: /starting map
[20:22:15] [Async Chat Thread - #2/INFO]: <coolshooter123> "Starting Map"
[20:33:24] [Server thread/INFO]: coolshooter123 has made the advancement [A Seedy Place]
[20:33:57] [Server thread/INFO]: coolshooter123 has made the advancement [Planting the Past]
[20:53:50] [Server thread/INFO]: coolshooter123 lost connection: Disconnected
[20:53:50] [Server thread/INFO]: coolshooter123 left the game
[20:54:02] [Server thread/INFO]: Stopping the server
[20:54:02] [Server thread/INFO]: Stopping server
[20:54:02] [Server thread/INFO]: [RaspberryJuice] Disabling RaspberryJuice v1.12.1
[20:54:02] [Server thread/INFO]: [RaspberryJuice] Raspberry Juice Stopped
[20:54:02] [Server thread/INFO]: [WorldGuard] Disabling WorldGuard v7.0.14+2339-43997ec
[20:54:02] [Server thread/INFO]: [WorldGuard] Shutting down executor and cancelling any pending tasks...
[20:54:02] [Server thread/INFO]: [AutoMessage] Disabling AutoMessage v2.0.0
[20:54:02] [Server thread/INFO]: [AutoMessage] AutoMessage plugin disabled successfully.
[20:54:02] [Server thread/INFO]: [WorldEdit] Disabling WorldEdit v7.3.17+7262-c7fbe08
[20:54:02] [Server thread/INFO]: Unregistering com.sk89q.worldedit.bukkit.BukkitServerInterface from WorldEdit
[20:54:02] [Server thread/INFO]: Saving players
[20:54:02] [Server thread/INFO]: Saving worlds
[20:54:02] [Server thread/INFO]: Saving chunks for level 'ServerLevel[isu_world]'/minecraft:overworld
[20:54:02] [Server thread/INFO]: [ChunkHolderManager] Waiting 60s for chunk system to halt for world 'isu_world'
[20:54:02] [Server thread/INFO]: [ChunkHolderManager] Halted chunk system for world 'isu_world'
[20:54:02] [Server thread/INFO]: [ChunkHolderManager] Saving all chunkholders for world 'isu_world'
[20:54:02] [Server thread/INFO]: [ChunkHolderManager] Saved 0 block chunks, 0 entity chunks, 0 poi chunks in world 'isu_world' in 0.01s
[20:54:02] [Server thread/INFO]: [ChunkHolderManager] Waiting 60s for chunk I/O to halt for world 'isu_world'
[20:54:02] [Server thread/INFO]: [ChunkHolderManager] Halted I/O scheduler for world 'isu_world'
[20:54:02] [Server thread/INFO]: Saving chunks for level 'ServerLevel[isu_world_nether]'/minecraft:the_nether
[20:54:02] [Server thread/INFO]: [ChunkHolderManager] Waiting 60s for chunk system to halt for world 'isu_world_nether'
[20:54:02] [Server thread/INFO]: [ChunkHolderManager] Halted chunk system for world 'isu_world_nether'
[20:54:02] [Server thread/INFO]: [ChunkHolderManager] Saving all chunkholders for world 'isu_world_nether'
[20:54:02] [Server thread/INFO]: [ChunkHolderManager] Saved 0 block chunks, 0 entity chunks, 0 poi chunks in world 'isu_world_nether' in 0.00s
[20:54:02] [Server thread/INFO]: [ChunkHolderManager] Waiting 60s for chunk I/O to halt for world 'isu_world_nether'
[20:54:02] [Server thread/INFO]: [ChunkHolderManager] Halted I/O scheduler for world 'isu_world_nether'
[20:54:02] [Server thread/INFO]: Saving chunks for level 'ServerLevel[isu_world_the_end]'/minecraft:the_end
[20:54:02] [Server thread/INFO]: [ChunkHolderManager] Waiting 60s for chunk system to halt for world 'isu_world_the_end'
[20:54:02] [Server thread/INFO]: [ChunkHolderManager] Halted chunk system for world 'isu_world_the_end'
[20:54:02] [Server thread/INFO]: [ChunkHolderManager] Saving all chunkholders for world 'isu_world_the_end'
[20:54:02] [Server thread/INFO]: [ChunkHolderManager] Saved 0 block chunks, 0 entity chunks, 0 poi chunks in world 'isu_world_the_end' in 0.00s
[20:54:02] [Server thread/INFO]: [ChunkHolderManager] Waiting 60s for chunk I/O to halt for world 'isu_world_the_end'
[20:54:02] [Server thread/INFO]: [ChunkHolderManager] Halted I/O scheduler for world 'isu_world_the_end'
[20:54:02] [Server thread/INFO]: ThreadedAnvilChunkStorage (isu_world): All chunks are saved
[20:54:02] [Server thread/INFO]: ThreadedAnvilChunkStorage (DIM-1): All chunks are saved
[20:54:02] [Server thread/INFO]: ThreadedAnvilChunkStorage (DIM1): All chunks are saved
[20:54:02] [Server thread/INFO]: ThreadedAnvilChunkStorage: All dimensions are saved
[20:54:02] [Server thread/INFO]: Waiting for all RegionFile I/O tasks to complete...
[20:54:02] [Server thread/INFO]: All RegionFile I/O tasks to complete
[20:54:02] [Server thread/INFO]: [MoonriseCommon] Awaiting termination of worker pool for up to 60s...
[20:54:02] [Server thread/INFO]: [MoonriseCommon] Awaiting termination of I/O pool for up to 60s...
